'QiushiMatmul.QuotientRestriction.matrixDual_trace' depends on axioms: [propext, Classical.choice, Quot.sound]
'QiushiMatmul.QuotientRestriction.mem_iff_annihilator' depends on axioms: [propext, Classical.choice, Quot.sound]
'QiushiMatmul.QuotientRestriction.inputAnnihilator_involutive' depends on axioms: [propext,
 Classical.choice,
 Quot.sound]
'QiushiMatmul.QuotientRestriction.restrictCoefficient_surjective' depends on axioms: [propext,
 Classical.choice,
 Quot.sound]
'QiushiMatmul.QuotientRestriction.quotientEquiv' depends on axioms: [propext, Classical.choice, Quot.sound]
'QiushiMatmul.QuotientRestriction.quotientEquiv_mk' depends on axioms: [propext, Classical.choice, Quot.sound]
'QiushiMatmul.QuotientRestriction.quotient_identity_iff_restricted_mul' depends on axioms: [propext,
 Classical.choice,
 Quot.sound]
'QiushiMatmul.QuotientRestriction.toRestricted' depends on axioms: [propext, Classical.choice, Quot.sound]
'QiushiMatmul.QuotientRestriction.toQuotient' depends on axioms: [propext, Classical.choice, Quot.sound]
'QiushiMatmul.QuotientRestriction.nonempty_quotient_iff_restricted' depends on axioms: [propext,
 Classical.choice,
 Quot.sound]
'QiushiMatmul.QuotientRestriction.rankAtMost_iff_restricted' depends on axioms: [propext, Classical.choice, Quot.sound]
'QiushiMatmul.QuotientRestriction.quotientRankAtLeast_iff_restricted' depends on axioms: [propext,
 Classical.choice,
 Quot.sound]
'QiushiMatmul.QuotientRestriction.quotientRankAtLeast_iff_restricted_mul' depends on axioms: [propext,
 Classical.choice,
 Quot.sound]
Standard-axiom guard passed for 24 declarations.
